// Jest Snapshot v1, https://goo.gl/fbAQLP

exports[`Footer tests renders correctly 1`] = `
<div>
  <div
    class="footer"
  >
    <p
      class="title"
    >
      EATTODAY.COM
    </p>
    <div
      class="container"
    >
      <div>
        <p
          class="subTitle"
        >
          About Us
        </p>
        <p>
          Home
        </p>
        <p>
          How It Works
        </p>
      </div>
      <div>
        <p
          class="subTitle"
        >
          Contact Us
        </p>
        <p>
          Linkedin
        </p>
        <p>
          Twitter
        </p>
        <p>
          Wechat
        </p>
      </div>
    </div>
    <p
      class="right"
    >
      @2020 EATTODAY.
    </p>
  </div>
</div>
`;
