// Jest Snapshot v1, https://goo.gl/fbAQLP

exports[`DotIndicator tests renders correctly 1`] = `
<div>
  <nav
    class="Nav"
  >
    <a
      class="Nav-child"
      href="/"
    >
      Home
    </a>
    <a
      class="Nav-child"
      href="/recipes"
    >
      Recipe
    </a>
    <a
      class="Nav-child"
      href="/login"
    >
      LogIn
    </a>
  </nav>
</div>
`;
